// Jest Snapshot v1, https://goo.gl/fbAQLP

exports[`renders correctly 1`] = `
<a
  alt=""
  href="https://live.staticflickr.com/65535/51902520893_a1886b3020_m.jpg"
  rel="noreferrer"
  target="_blank"
>
  <img
    alt="imgUrl"
    className="sc-bdvvtL bJkMxf"
    src="https://live.staticflickr.com/65535/51902520893_a1886b3020_m.jpg"
  />
</a>
`;
